Component: ARM Compiler 5.06 update 5 (build 528) Tool: armlink [4d35e2]

==============================================================================

Section Cross References

    pa1.o(PART2A) refers to pa1.o(PART2C) for Reset_Handler
    pa1.o(PART2C) refers to pa1.o(PART2B) for A


==============================================================================

Image Symbol Table

    Local Symbols

    Symbol Name                              Value     Ov Type        Size  Object(Section)

    PART2A                                   0x00000000   Section        8  pa1.o(PART2A)
    PA1.s                                    0x00000000   Number         0  pa1.o ABSOLUTE
    PART2C                                   0x00000008   Section       40  pa1.o(PART2C)
    PART2B                                   0x20000000   Section       40  pa1.o(PART2B)
    A                                        0x20000000   Data          40  pa1.o(PART2B)

    Global Symbols

    Symbol Name                              Value     Ov Type        Size  Object(Section)

    BuildAttributes$$THM_ISAv4$E$P$D$K$B$S$7EM$PE$PLD8$A:L22UL41UL21$X:L11$S22US41US21$IEEE1$IW$USESV6$~STKCKD$USESV7$~SHL$OSPACE$EBA8$STANDARDLIB$PRES8$EABIv2 0x00000000   Number         0  anon$$obj.o ABSOLUTE
    __Vectors                                0x00000000   Data           4  pa1.o(PART2A)
    Reset_Handler                            0x00000009   Thumb Code     0  pa1.o(PART2C)



==============================================================================

Memory Map of the image

  Image Entry point : 0x00000009

  Load Region LR_1 (Base: 0x00000000, Size: 0x00000058, Max: 0xffffffff, ABSOLUTE)

    Execution Region ER_RO (Exec base: 0x00000000, Load base: 0x00000000, Size: 0x00000030, Max: 0xffffffff, ABSOLUTE)

    Exec Addr    Load Addr    Size         Type   Attr      Idx    E Section Name        Object

    0x00000000   0x00000000   0x00000008   Data   RO            1    PART2A              pa1.o
    0x00000008   0x00000008   0x00000028   Code   RO            3  * PART2C              pa1.o


    Execution Region ER_RW (Exec base: 0x20000000, Load base: 0x00000030, Size: 0x00000028, Max: 0xffffffff, ABSOLUTE)

    Exec Addr    Load Addr    Size         Type   Attr      Idx    E Section Name        Object

    0x20000000   0x00000030   0x00000028   Data   RW            2    PART2B              pa1.o


    Execution Region ER_ZI (Exec base: 0x20000028, Load base: 0x00000058, Size: 0x00000000, Max: 0xffffffff, ABSOLUTE)

    **** No section assigned to this execution region ****


==============================================================================

Image component sizes


      Code (inc. data)   RO Data    RW Data    ZI Data      Debug   Object Name

        40          6          8         40          0        244   pa1.o

    ----------------------------------------------------------------------
        40          6          8         40          0        244   Object Totals
         0          0          0          0          0          0   (incl. Generated)
         0          0          0          0          0          0   (incl. Padding)

    ----------------------------------------------------------------------
         0          0          0          0          0          0   Library Totals
         0          0          0          0          0          0   (incl. Padding)

    ----------------------------------------------------------------------

==============================================================================


      Code (inc. data)   RO Data    RW Data    ZI Data      Debug   

        40          6          8         40          0        244   Grand Totals
        40          6          8         40          0        244   ELF Image Totals
        40          6          8         40          0          0   ROM Totals

==============================================================================

    Total RO  Size (Code + RO Data)                   48 (   0.05kB)
    Total RW  Size (RW Data + ZI Data)                40 (   0.04kB)
    Total ROM Size (Code + RO Data + RW Data)         88 (   0.09kB)

==============================================================================

